V3 6
FL //psf/shared_vm/ProjetosSistemasDigitaisVHDL/projeto_MATRIX_multiplier/matrix_multiplier_2_arq/mat_ply.vhd 2014/07/02.10:50:18 P.20131013
PH work/mat_ply 1404311766 \
      FL //psf/shared_vm/ProjetosSistemasDigitaisVHDL/projeto_MATRIX_multiplier/matrix_multiplier_2_arq/mat_ply.vhd \
      PB ieee/std_logic_1164 1381692176 PB ieee/NUMERIC_STD 1381692181
PB work/mat_ply 1404311767 \
      FL //psf/shared_vm/ProjetosSistemasDigitaisVHDL/projeto_MATRIX_multiplier/matrix_multiplier_2_arq/mat_ply.vhd \
      PH work/mat_ply 1404311766
FL //psf/shared_vm/ProjetosSistemasDigitaisVHDL/projeto_MATRIX_multiplier/matrix_multiplier_2_arq/test_mat.vhd 2014/07/02.10:51:14 P.20131013
EN work/test_mat 1404311768 \
      FL //psf/shared_vm/ProjetosSistemasDigitaisVHDL/projeto_MATRIX_multiplier/matrix_multiplier_2_arq/test_mat.vhd \
      PB ieee/std_logic_1164 1381692176 PB ieee/NUMERIC_STD 1381692181 \
      PB work/mat_ply 1404311767
AR work/test_mat/Behavioral 1404311769 \
      FL //psf/shared_vm/ProjetosSistemasDigitaisVHDL/projeto_MATRIX_multiplier/matrix_multiplier_2_arq/test_mat.vhd \
      EN work/test_mat 1404311768
