AR matrix_multiplier behavioral //psf/shared_vm/ProjetosSistemasDigitaisVHDL/projeto_MATRIX_multiplier/matrix_multiplier_final_arq/matrix_multiplier.vhd sub00/vhpl07 1404709960
EN matrix_multiplier NULL //psf/shared_vm/ProjetosSistemasDigitaisVHDL/projeto_MATRIX_multiplier/matrix_multiplier_final_arq/matrix_multiplier.vhd sub00/vhpl04 1404709959
AR mm_state_machine behavioral //psf/shared_vm/ProjetosSistemasDigitaisVHDL/projeto_MATRIX_multiplier/matrix_multiplier_final_arq/mm_state_machine.vhd sub00/vhpl03 1404709956
EN mm_state_machine NULL //psf/shared_vm/ProjetosSistemasDigitaisVHDL/projeto_MATRIX_multiplier/matrix_multiplier_final_arq/mm_state_machine.vhd sub00/vhpl00 1404709955
EN mad_block_po NULL //psf/shared_vm/ProjetosSistemasDigitaisVHDL/projeto_MATRIX_multiplier/matrix_multiplier_final_arq/mad_block_po.vhd sub00/vhpl01 1404709953
AR mad_block_po behavioral //psf/shared_vm/ProjetosSistemasDigitaisVHDL/projeto_MATRIX_multiplier/matrix_multiplier_final_arq/mad_block_po.vhd sub00/vhpl02 1404709954
AR mem48dual mem48dual_a //psf/shared_vm/ProjetosSistemasDigitaisVHDL/projeto_MATRIX_multiplier/matrix_multiplier_final/ipcore_dir/mem48dual.vhd sub00/vhpl06 1404709958
EN mem48dual NULL //psf/shared_vm/ProjetosSistemasDigitaisVHDL/projeto_MATRIX_multiplier/matrix_multiplier_final/ipcore_dir/mem48dual.vhd sub00/vhpl05 1404709957
