V3 15
FL //psf/shared_vm/ProjetosSistemasDigitaisVHDL/projeto_MATRIX_multiplier/matrix_multiplier_final/ipcore_dir/mem48dual.vhd 2014/07/06.22:23:32 P.20131013
EN work/mem48dual 1404709957 \
      FL //psf/shared_vm/ProjetosSistemasDigitaisVHDL/projeto_MATRIX_multiplier/matrix_multiplier_final/ipcore_dir/mem48dual.vhd \
      PB ieee/std_logic_1164 1381692176
AR work/mem48dual/mem48dual_a 1404709958 \
      FL //psf/shared_vm/ProjetosSistemasDigitaisVHDL/projeto_MATRIX_multiplier/matrix_multiplier_final/ipcore_dir/mem48dual.vhd \
      EN work/mem48dual 1404709957
FL //psf/shared_vm/ProjetosSistemasDigitaisVHDL/projeto_MATRIX_multiplier/matrix_multiplier_final_arq/mad_block_po.vhd 2014/07/06.22:12:26 P.20131013
EN work/mad_block_po 1404709953 \
      FL //psf/shared_vm/ProjetosSistemasDigitaisVHDL/projeto_MATRIX_multiplier/matrix_multiplier_final_arq/mad_block_po.vhd \
      PB ieee/std_logic_1164 1381692176 PB ieee/std_logic_arith 1381692177 \
      PB ieee/STD_LOGIC_UNSIGNED 1381692179
AR work/mad_block_po/Behavioral 1404709954 \
      FL //psf/shared_vm/ProjetosSistemasDigitaisVHDL/projeto_MATRIX_multiplier/matrix_multiplier_final_arq/mad_block_po.vhd \
      EN work/mad_block_po 1404709953
FL //psf/shared_vm/ProjetosSistemasDigitaisVHDL/projeto_MATRIX_multiplier/matrix_multiplier_final_arq/matrix_multiplier.vhd 2014/07/07.00:50:03 P.20131013
EN work/matrix_multiplier 1404709959 \
      FL //psf/shared_vm/ProjetosSistemasDigitaisVHDL/projeto_MATRIX_multiplier/matrix_multiplier_final_arq/matrix_multiplier.vhd \
      PB ieee/std_logic_1164 1381692176 PB ieee/std_logic_arith 1381692177 \
      PB ieee/STD_LOGIC_UNSIGNED 1381692179
AR work/matrix_multiplier/Behavioral 1404709960 \
      FL //psf/shared_vm/ProjetosSistemasDigitaisVHDL/projeto_MATRIX_multiplier/matrix_multiplier_final_arq/matrix_multiplier.vhd \
      EN work/matrix_multiplier 1404709959 CP mad_block_po CP mm_state_machine \
      CP mem48dual
FL //psf/shared_vm/ProjetosSistemasDigitaisVHDL/projeto_MATRIX_multiplier/matrix_multiplier_final_arq/mm_state_machine.vhd 2014/07/07.01:11:09 P.20131013
EN work/mm_state_machine 1404709955 \
      FL //psf/shared_vm/ProjetosSistemasDigitaisVHDL/projeto_MATRIX_multiplier/matrix_multiplier_final_arq/mm_state_machine.vhd \
      PB ieee/std_logic_1164 1381692176 PB ieee/std_logic_arith 1381692177 \
      PB ieee/STD_LOGIC_UNSIGNED 1381692179
AR work/mm_state_machine/Behavioral 1404709956 \
      FL //psf/shared_vm/ProjetosSistemasDigitaisVHDL/projeto_MATRIX_multiplier/matrix_multiplier_final_arq/mm_state_machine.vhd \
      EN work/mm_state_machine 1404709955
