EN parte_controle NULL "//psf/shared_vm/Lista de Exercicios/EX1_vhdl/PARTE_CONTROLE.vhd" sub00/vhpl01 1403983014
EN parte_operativa NULL "//psf/shared_vm/Lista de Exercicios/EX1_vhdl/PARTE_OPERATIVA.vhd" sub00/vhpl00 1403983012
EN comparador_de_funcoes NULL "//psf/shared_vm/Lista de Exercicios/EX1_vhdl/comparador_de_funcoes.vhd" sub00/vhpl04 1403983016
AR parte_operativa behavioral "//psf/shared_vm/Lista de Exercicios/EX1_vhdl/PARTE_OPERATIVA.vhd" sub00/vhpl03 1403983013
AR parte_controle behavioral "//psf/shared_vm/Lista de Exercicios/EX1_vhdl/PARTE_CONTROLE.vhd" sub00/vhpl02 1403983015
AR comparador_de_funcoes behavioral "//psf/shared_vm/Lista de Exercicios/EX1_vhdl/comparador_de_funcoes.vhd" sub00/vhpl05 1403983017
