AR control_unity behavioral "//psf/shared_vm/NEANDER/neander03/arquivos VDHL/control_unity.vhd" sub00/vhpl25 1399985749
AR shift_l behavioral "//psf/shared_vm/NEANDER/neander03/arquivos VDHL/shift_l.vhd" sub00/vhpl15 1399985739
AR logic_and behavioral "//psf/shared_vm/NEANDER/neander03/arquivos VDHL/logic_and.vhd" sub00/vhpl07 1399985731
EN mux_2x1_8bits NULL "//psf/shared_vm/NEANDER/neander03/arquivos VDHL/mux_2x1_8bits.vhd" sub00/vhpl18 1399985742
AR negador behavioral "//psf/shared_vm/NEANDER/neander03/arquivos VDHL/negador.vhd" sub00/vhpl05 1399985729
EN multiplicador NULL "//psf/shared_vm/NEANDER/neander03/arquivos VDHL/multiplicador.vhd" sub00/vhpl10 1399985734
EN subtrator NULL "//psf/shared_vm/NEANDER/neander03/arquivos VDHL/subtrator.vhd" sub00/vhpl02 1399985726
EN freq_div NULL "//psf/shared_vm/NEANDER/neander03/arquivos VDHL/freq_div.vhd" sub00/vhpl36 1399985760
EN shift_l NULL "//psf/shared_vm/NEANDER/neander03/arquivos VDHL/shift_l.vhd" sub00/vhpl14 1399985738
EN neander NULL "//psf/shared_vm/NEANDER/neander03/arquivos VDHL/Neander.vhd" sub00/vhpl30 1399985754
EN shift_r NULL "//psf/shared_vm/NEANDER/neander03/arquivos VDHL/shift_r.vhd" sub00/vhpl12 1399985736
AR mux_2x1_8bits behavioral "//psf/shared_vm/NEANDER/neander03/arquivos VDHL/mux_2x1_8bits.vhd" sub00/vhpl19 1399985743
EN instruction_decoder NULL "//psf/shared_vm/NEANDER/neander03/arquivos VDHL/intruction_decoder.vhd" sub00/vhpl22 1399985746
EN display_7seg_bcd NULL "//psf/shared_vm/NEANDER/neander03/arquivos VDHL/display_7seg_bcd.vhd" sub00/vhpl34 1399985758
EN ula NULL "//psf/shared_vm/NEANDER/neander03/arquivos VDHL/ula.vhd" sub00/vhpl28 1399985752
AR count_up_8bits behavioral "//psf/shared_vm/NEANDER/neander03/arquivos VDHL/count_up_8bits.vhd" sub00/vhpl17 1399985741
AR subtrator behavioral "//psf/shared_vm/NEANDER/neander03/arquivos VDHL/subtrator.vhd" sub00/vhpl03 1399985727
AR freq_div behavioral "//psf/shared_vm/NEANDER/neander03/arquivos VDHL/freq_div.vhd" sub00/vhpl37 1399985761
EN mem_rom NULL "//psf/shared_vm/NEANDER/neander03/arquivos VDHL/mem_rom.vhd" sub00/vhpl26 1399985750
AR mem_rom circ1 "//psf/shared_vm/NEANDER/neander03/arquivos VDHL/mem_rom.vhd" sub00/vhpl27 1399985751
AR reg_nbits behavioral "//psf/shared_vm/NEANDER/neander03/arquivos VDHL/reg_nbits.vhd" sub00/vhpl21 1399985745
EN negador NULL "//psf/shared_vm/NEANDER/neander03/arquivos VDHL/negador.vhd" sub00/vhpl04 1399985728
AR ula behavioral "//psf/shared_vm/NEANDER/neander03/arquivos VDHL/ula.vhd" sub00/vhpl29 1399985753
EN count_up_8bits NULL "//psf/shared_vm/NEANDER/neander03/arquivos VDHL/count_up_8bits.vhd" sub00/vhpl16 1399985740
AR logic_or behavioral "//psf/shared_vm/NEANDER/neander03/arquivos VDHL/logic_or.vhd" sub00/vhpl09 1399985733
AR instruction_decoder behavioral "//psf/shared_vm/NEANDER/neander03/arquivos VDHL/intruction_decoder.vhd" sub00/vhpl23 1399985747
EN logic_or NULL "//psf/shared_vm/NEANDER/neander03/arquivos VDHL/logic_or.vhd" sub00/vhpl08 1399985732
AR multiplicador behavioral "//psf/shared_vm/NEANDER/neander03/arquivos VDHL/multiplicador.vhd" sub00/vhpl11 1399985735
EN somador NULL "//psf/shared_vm/NEANDER/neander03/arquivos VDHL/somador.vhd" sub00/vhpl00 1399985724
EN bin_to_bcd_8bits NULL "//psf/shared_vm/NEANDER/neander03/arquivos VDHL/bin_to_bcd_8bits.vhd" sub00/vhpl32 1399985756
EN reg_nbits NULL "//psf/shared_vm/NEANDER/neander03/arquivos VDHL/reg_nbits.vhd" sub00/vhpl20 1399985744
EN control_unity NULL "//psf/shared_vm/NEANDER/neander03/arquivos VDHL/control_unity.vhd" sub00/vhpl24 1399985748
AR bin_to_bcd_8bits behavioral "//psf/shared_vm/NEANDER/neander03/arquivos VDHL/bin_to_bcd_8bits.vhd" sub00/vhpl33 1399985757
AR somador behavioral "//psf/shared_vm/NEANDER/neander03/arquivos VDHL/somador.vhd" sub00/vhpl01 1399985725
EN neander_iterface NULL "//psf/shared_vm/NEANDER/neander03/arquivos VDHL/neander_interface.vhd" sub00/vhpl38 1399985762
AR shift_r behavioral "//psf/shared_vm/NEANDER/neander03/arquivos VDHL/shift_r.vhd" sub00/vhpl13 1399985737
AR display_7seg_bcd behavioral "//psf/shared_vm/NEANDER/neander03/arquivos VDHL/display_7seg_bcd.vhd" sub00/vhpl35 1399985759
AR neander behavioral "//psf/shared_vm/NEANDER/neander03/arquivos VDHL/Neander.vhd" sub00/vhpl31 1399985755
AR neander_iterface behavioral "//psf/shared_vm/NEANDER/neander03/arquivos VDHL/neander_interface.vhd" sub00/vhpl39 1399985763
EN logic_and NULL "//psf/shared_vm/NEANDER/neander03/arquivos VDHL/logic_and.vhd" sub00/vhpl06 1399985730
