AR matrix_multiplier behavioral //psf/shared_vm/ProjetosSistemasDigitaisVHDL/projeto_MATRIX_multiplier/matrix_multiplier_single_port_implementation_arq/matrix_multiplier.vhd sub00/vhpl07 1404368843
EN tb_matrix_multiplier NULL //psf/shared_vm/ProjetosSistemasDigitaisVHDL/projeto_MATRIX_multiplier/matrix_multiplier_single_port_implementation_arq/tb_matrix_multiplier.vhd sub00/vhpl08 1404359712
EN matrix_multiplier NULL //psf/shared_vm/ProjetosSistemasDigitaisVHDL/projeto_MATRIX_multiplier/matrix_multiplier_single_port_implementation_arq/matrix_multiplier.vhd sub00/vhpl06 1404368842
AR mm_state_machine behavioral //psf/shared_vm/ProjetosSistemasDigitaisVHDL/projeto_MATRIX_multiplier/matrix_multiplier_single_port_implementation_arq/mm_state_machine.vhd sub00/vhpl03 1404368839
EN mm_state_machine NULL //psf/shared_vm/ProjetosSistemasDigitaisVHDL/projeto_MATRIX_multiplier/matrix_multiplier_single_port_implementation_arq/mm_state_machine.vhd sub00/vhpl02 1404368838
EN mem48single NULL //psf/shared_vm/ProjetosSistemasDigitaisVHDL/projeto_MATRIX_multiplier/matrix_multiplier_single_port_implementation/ipcore_dir/mem48single.vhd sub00/vhpl04 1404368840
AR mad_block behavioral //psf/shared_vm/ProjetosSistemasDigitaisVHDL/projeto_MATRIX_multiplier/matrix_multiplier_single_port_implementation_arq/mad_block.vhd sub00/vhpl01 1404368837
EN mad_block NULL //psf/shared_vm/ProjetosSistemasDigitaisVHDL/projeto_MATRIX_multiplier/matrix_multiplier_single_port_implementation_arq/mad_block.vhd sub00/vhpl00 1404368836
AR mem48single mem48single_a //psf/shared_vm/ProjetosSistemasDigitaisVHDL/projeto_MATRIX_multiplier/matrix_multiplier_single_port_implementation/ipcore_dir/mem48single.vhd sub00/vhpl05 1404368841
