V3 19
FL //psf/shared_vm/ProjetosSistemasDigitaisVHDL/projeto_MATRIX_multiplier/matrix_multiplier_single_port_implementation/ipcore_dir/mem48single.vhd 2014/07/03.00:02:26 P.20131013
EN work/mem48single 1404368840 \
      FL //psf/shared_vm/ProjetosSistemasDigitaisVHDL/projeto_MATRIX_multiplier/matrix_multiplier_single_port_implementation/ipcore_dir/mem48single.vhd \
      PB ieee/std_logic_1164 1381692176
AR work/mem48single/mem48single_a 1404368841 \
      FL //psf/shared_vm/ProjetosSistemasDigitaisVHDL/projeto_MATRIX_multiplier/matrix_multiplier_single_port_implementation/ipcore_dir/mem48single.vhd \
      EN work/mem48single 1404368840
FL //psf/shared_vm/ProjetosSistemasDigitaisVHDL/projeto_MATRIX_multiplier/matrix_multiplier_single_port_implementation_arq/mad_block.vhd 2014/07/02.16:23:12 P.20131013
EN work/mad_block 1404368836 \
      FL //psf/shared_vm/ProjetosSistemasDigitaisVHDL/projeto_MATRIX_multiplier/matrix_multiplier_single_port_implementation_arq/mad_block.vhd \
      PB ieee/std_logic_1164 1381692176 PB ieee/std_logic_arith 1381692177 \
      PB ieee/STD_LOGIC_UNSIGNED 1381692179
AR work/mad_block/Behavioral 1404368837 \
      FL //psf/shared_vm/ProjetosSistemasDigitaisVHDL/projeto_MATRIX_multiplier/matrix_multiplier_single_port_implementation_arq/mad_block.vhd \
      EN work/mad_block 1404368836
FL //psf/shared_vm/ProjetosSistemasDigitaisVHDL/projeto_MATRIX_multiplier/matrix_multiplier_single_port_implementation_arq/matrix_multiplier.vhd 2014/07/03.03:23:06 P.20131013
EN work/matrix_multiplier 1404368842 \
      FL //psf/shared_vm/ProjetosSistemasDigitaisVHDL/projeto_MATRIX_multiplier/matrix_multiplier_single_port_implementation_arq/matrix_multiplier.vhd \
      PB ieee/std_logic_1164 1381692176 PB ieee/std_logic_arith 1381692177 \
      PB ieee/STD_LOGIC_UNSIGNED 1381692179
AR work/matrix_multiplier/Behavioral 1404368843 \
      FL //psf/shared_vm/ProjetosSistemasDigitaisVHDL/projeto_MATRIX_multiplier/matrix_multiplier_single_port_implementation_arq/matrix_multiplier.vhd \
      EN work/matrix_multiplier 1404368842 CP mad_block CP mm_state_machine \
      CP mem48single
FL //psf/shared_vm/ProjetosSistemasDigitaisVHDL/projeto_MATRIX_multiplier/matrix_multiplier_single_port_implementation_arq/mm_state_machine.vhd 2014/07/03.00:48:47 P.20131013
EN work/mm_state_machine 1404368838 \
      FL //psf/shared_vm/ProjetosSistemasDigitaisVHDL/projeto_MATRIX_multiplier/matrix_multiplier_single_port_implementation_arq/mm_state_machine.vhd \
      PB ieee/std_logic_1164 1381692176 PB ieee/std_logic_arith 1381692177 \
      PB ieee/STD_LOGIC_UNSIGNED 1381692179 PB ieee/NUMERIC_STD 1381692181
AR work/mm_state_machine/Behavioral 1404368839 \
      FL //psf/shared_vm/ProjetosSistemasDigitaisVHDL/projeto_MATRIX_multiplier/matrix_multiplier_single_port_implementation_arq/mm_state_machine.vhd \
      EN work/mm_state_machine 1404368838
FL //psf/shared_vm/ProjetosSistemasDigitaisVHDL/projeto_MATRIX_multiplier/matrix_multiplier_single_port_implementation_arq/tb_matrix_multiplier.vhd 2014/07/02.16:23:27 P.20131013
EN work/tb_matrix_multiplier 0 \
      FL //psf/shared_vm/ProjetosSistemasDigitaisVHDL/projeto_MATRIX_multiplier/matrix_multiplier_single_port_implementation_arq/tb_matrix_multiplier.vhd \
      PB ieee/std_logic_1164 1381692176 PB ieee/std_logic_arith 1381692177 \
      PB ieee/STD_LOGIC_UNSIGNED 1381692179
AR work/tb_matrix_multiplier/behavior 0 \
      FL //psf/shared_vm/ProjetosSistemasDigitaisVHDL/projeto_MATRIX_multiplier/matrix_multiplier_single_port_implementation_arq/tb_matrix_multiplier.vhd \
      EN work/tb_matrix_multiplier 0 CP matrix_multiplier
