V3 3
FL //psf/shared_vm/ProjetosSistemasDigitaisVHDL/projeto_MATRIX_multiplier/matrix_multiplier_1_arq/mad_block.vhd 2014/07/01.21:13:20 P.20131013
EN work/mad_block 1404260003 \
      FL //psf/shared_vm/ProjetosSistemasDigitaisVHDL/projeto_MATRIX_multiplier/matrix_multiplier_1_arq/mad_block.vhd \
      PB ieee/std_logic_1164 1381692176 PB ieee/std_logic_arith 1381692177 \
      PB ieee/STD_LOGIC_UNSIGNED 1381692179
AR work/mad_block/Behavioral 1404260004 \
      FL //psf/shared_vm/ProjetosSistemasDigitaisVHDL/projeto_MATRIX_multiplier/matrix_multiplier_1_arq/mad_block.vhd \
      EN work/mad_block 1404260003
